// Jest Snapshot v1, https://goo.gl/fbAQLP

exports[`NumberPicker renders a simple input 1`] = `
<div
  class="StyledGrommet-sc-19lkkz7-0 giQQcM"
>
  <div
    class="ThemeProvider__AppWrapper-sc-12xd2cf-0 kuNpSX"
  >
    <div
      class="StyledBox-sc-13pk1d4-0 gPuWHK FormField__FormFieldBox-sc-m9hood-0 kVQSBU"
    >
      <label
        class="StyledText-sc-1sadyjn-0 eqjVSW"
        for="money"
      >
        Count your money
      </label>
      <span
        class="StyledText-sc-1sadyjn-0 fqoiau"
      >
        A very helpful message
      </span>
      <div
        class="StyledBox-sc-13pk1d4-0 kbQwEP FormField__FormFieldContentBox-sc-m9hood-1"
      >
        <div
          class="StyledTextInput__StyledTextInputContainer-sc-1x30a0s-1 jqwtzG"
        >
          <input
            autocomplete="off"
            class="StyledTextInput-sc-1x30a0s-0 kmYDQh NumberPicker__StyledTextInput-sc-h062ap-0 cfcBUA"
            id="money"
            step="1"
            type="number"
            value="3"
          />
        </div>
        <div
          class="NumberPicker__Controls-sc-h062ap-1 dmihKA"
        >
          <div
            aria-label="Decrement"
            class="NumberPicker__IncrementDecrementButton-sc-h062ap-2 kcrxCA"
            role="button"
          >
            â€“
          </div>
          <div
            aria-label="Increment"
            class="NumberPicker__IncrementDecrementButton-sc-h062ap-2 kcrxCA"
            role="button"
          >
            +
          </div>
        </div>
      </div>
      <span
        class="StyledText-sc-1sadyjn-0 heWbGB"
      >
        Aha! Did not know that
      </span>
    </div>
  </div>
</div>
`;
